
> minimal-express-app@1.0.0 dev
> nodemon src/server.js

[33m[nodemon] 3.1.9[39m
[33m[nodemon] to restart at any time, enter `rs`[39m
[33m[nodemon] watching path(s): src/**/*[39m
[33m[nodemon] watching extensions: js,json[39m
[32m[nodemon] starting `node src/server.js`[39m
Server running at http://0.0.0.0:3001
[32m[nodemon] restarting due to changes...[39m
[32m[nodemon] restarting due to changes...[39m
[32m[nodemon] starting `node src/server.js`[39m
Server running at http://0.0.0.0:3001
[32m[nodemon] restarting due to changes...[39m
[32m[nodemon] restarting due to changes...[39m
[32m[nodemon] starting `node src/server.js`[39m
Server running at http://0.0.0.0:3001
[32m[nodemon] restarting due to changes...[39m
[32m[nodemon] starting `node src/server.js`[39m
Server running at http://0.0.0.0:3001
[32m[nodemon] restarting due to changes...[39m
[32m[nodemon] restarting due to changes...[39m
[32m[nodemon] starting `node src/server.js`[39m
Server running at http://0.0.0.0:3001
[32m[nodemon] restarting due to changes...[39m
[32m[nodemon] restarting due to changes...[39m
[32m[nodemon] starting `node src/server.js`[39m
Server running at http://0.0.0.0:3001
[32m[nodemon] restarting due to changes...[39m
[32m[nodemon] restarting due to changes...[39m
[32m[nodemon] starting `node src/server.js`[39m
Server running at http://0.0.0.0:3001
[32m[nodemon] restarting due to changes...[39m
[32m[nodemon] starting `node src/server.js`[39m
Server running at http://0.0.0.0:3001
[32m[nodemon] restarting due to changes...[39m
[32m[nodemon] starting `node src/server.js`[39m
node:internal/modules/cjs/loader:1143
  throw err;
  ^

Error: Cannot find module 'sequelize'
Require stack:
- /home/kavia/workspace/code-generation/taskflow-95653-8a10a275/task_management_backend/src/models/index.js
- /home/kavia/workspace/code-generation/taskflow-95653-8a10a275/task_management_backend/src/controllers/user.js
- /home/kavia/workspace/code-generation/taskflow-95653-8a10a275/task_management_backend/src/routes/user.js
- /home/kavia/workspace/code-generation/taskflow-95653-8a10a275/task_management_backend/src/routes/index.js
- /home/kavia/workspace/code-generation/taskflow-95653-8a10a275/task_management_backend/src/app.js
- /home/kavia/workspace/code-generation/taskflow-95653-8a10a275/task_management_backend/src/server.js
    at Module._resolveFilename (node:internal/modules/cjs/loader:1140:15)
    at Module._load (node:internal/modules/cjs/loader:981:27)
    at Module.require (node:internal/modules/cjs/loader:1231:19)
    at require (node:internal/modules/helpers:177:18)
    at Object.<anonymous> (/home/kavia/workspace/code-generation/taskflow-95653-8a10a275/task_management_backend/src/models/index.js:1:23)
    at Module._compile (node:internal/modules/cjs/loader:1364:14)
    at Module._extensions..js (node:internal/modules/cjs/loader:1422:10)
    at Module.load (node:internal/modules/cjs/loader:1203:32)
    at Module._load (node:internal/modules/cjs/loader:1019:12)
    at Module.require (node:internal/modules/cjs/loader:1231:19) {
  code: 'MODULE_NOT_FOUND',
  requireStack: [
    '/home/kavia/workspace/code-generation/taskflow-95653-8a10a275/task_management_backend/src/models/index.js',
    '/home/kavia/workspace/code-generation/taskflow-95653-8a10a275/task_management_backend/src/controllers/user.js',
    '/home/kavia/workspace/code-generation/taskflow-95653-8a10a275/task_management_backend/src/routes/user.js',
    '/home/kavia/workspace/code-generation/taskflow-95653-8a10a275/task_management_backend/src/routes/index.js',
    '/home/kavia/workspace/code-generation/taskflow-95653-8a10a275/task_management_backend/src/app.js',
    '/home/kavia/workspace/code-generation/taskflow-95653-8a10a275/task_management_backend/src/server.js'
  ]
}

Node.js v18.20.6
[31m[nodemon] app crashed - waiting for file changes before starting...[39m
[32m[nodemon] restarting due to changes...[39m
[32m[nodemon] starting `node src/server.js`[39m
node:internal/modules/cjs/loader:1143
  throw err;
  ^

Error: Cannot find module 'sequelize'
Require stack:
- /home/kavia/workspace/code-generation/taskflow-95653-8a10a275/task_management_backend/src/models/index.js
- /home/kavia/workspace/code-generation/taskflow-95653-8a10a275/task_management_backend/src/controllers/user.js
- /home/kavia/workspace/code-generation/taskflow-95653-8a10a275/task_management_backend/src/routes/user.js
- /home/kavia/workspace/code-generation/taskflow-95653-8a10a275/task_management_backend/src/routes/index.js
- /home/kavia/workspace/code-generation/taskflow-95653-8a10a275/task_management_backend/src/app.js
- /home/kavia/workspace/code-generation/taskflow-95653-8a10a275/task_management_backend/src/server.js
    at Module._resolveFilename (node:internal/modules/cjs/loader:1140:15)
    at Module._load (node:internal/modules/cjs/loader:981:27)
    at Module.require (node:internal/modules/cjs/loader:1231:19)
    at require (node:internal/modules/helpers:177:18)
    at Object.<anonymous> (/home/kavia/workspace/code-generation/taskflow-95653-8a10a275/task_management_backend/src/models/index.js:1:23)
    at Module._compile (node:internal/modules/cjs/loader:1364:14)
    at Module._extensions..js (node:internal/modules/cjs/loader:1422:10)
    at Module.load (node:internal/modules/cjs/loader:1203:32)
    at Module._load (node:internal/modules/cjs/loader:1019:12)
    at Module.require (node:internal/modules/cjs/loader:1231:19) {
  code: 'MODULE_NOT_FOUND',
  requireStack: [
    '/home/kavia/workspace/code-generation/taskflow-95653-8a10a275/task_management_backend/src/models/index.js',
    '/home/kavia/workspace/code-generation/taskflow-95653-8a10a275/task_management_backend/src/controllers/user.js',
    '/home/kavia/workspace/code-generation/taskflow-95653-8a10a275/task_management_backend/src/routes/user.js',
    '/home/kavia/workspace/code-generation/taskflow-95653-8a10a275/task_management_backend/src/routes/index.js',
    '/home/kavia/workspace/code-generation/taskflow-95653-8a10a275/task_management_backend/src/app.js',
    '/home/kavia/workspace/code-generation/taskflow-95653-8a10a275/task_management_backend/src/server.js'
  ]
}

Node.js v18.20.6
[31m[nodemon] app crashed - waiting for file changes before starting...[39m
